ISA*00*0000000000*00*0000000000*ZZ*MYMOVE         *12*8004171844     *700101*0000*U*00401*000000002*1*T*|
GS*SI*MYMOVE*8004171844*19700101*0000*2*X*004010
ST*858*0001
BX*00*J*PP*KKFA7000001*ABBV**4
N9*DY*SC**
N9*CN*ABBV180001**
N9*PQ*ABBV2708**
N9*OQ*ORDER3*ARMY*20180315
N1*SF*Spacemen**
N3*123 Any Street*P.O. Box 12345
N4*Beverly Hills*CA*90210*US**
N1*RG*JPPSO Testy McTest*27*DDSAOFM
N1*RH*JPPSO Testy McTest*27*HAFC
FA1*DZ
FA2*TA*F8E1
L10*20.000*B*L
HL*303**SS
L0*1*1.000*FR********
L1*0*0.00*RC*12325********LHS
HL*303**SS
L0*1***20.000*B******L
L1*0*0.00*RC*12325********135A
HL*304**SS
L0*1***20.000*B******L
L1*0*0.00*RC*12325********135B
HL*303**SS
L0*1***20.000*B******L
L1*0*0.00*RC*12325********105A
HL*304**SS
L0*1*1.000*FR********
L1*0*0.00*RC*12325********16A
HL*304**SS
L0*1***20.000*B******L
L1*0*0.00*RC*12325********105C
HL*304**SS
L0*1*1.000*FR********
L1*0*0.00*RC*12325********125B
HL*304**SS
L0*1*2000.000*CF********
L1*0*0.00*RC*12325********105B
HL*304**SS
L0*1*2000.000*EA********
L1*0*0.00*RC*12325********130B
HL*303**SS
L0*1***20.000*B******L
L1*0*0.00*RC*12325********46A
SE*45*0001
GE*1*2
IEA*1*000000002
